[lmpixels.com/wp/leven-wp/full-width-dark/index.html]
[backblue.gif]
[fade.gif]
[index.html]
[lmpixels.com/wp/leven-wp/full-width-dark/feed/index.html]
[lmpixels.com/wp/leven-wp/full-width-dark/wp-content/mmr/6bac242c-1607732580.min.js]
[lmpixels.com/wp/leven-wp/full-width-dark/wp-content/mmr/547ef784-1619086408.min.css]
[lmpixels.com/wp/leven-wp/full-width-dark/comments/feed/index.html]
[lmpixels.com/wp/leven-wp/full-width-dark/wp-json/wp/v2/pages/157.json]
[lmpixels.com/wp/leven-wp/full-width-dark/wp-json/index.html]
[lmpixels.com/wp/leven-wp/full-width-dark/xmlrpc0db0.php]
[lmpixels.com/wp/leven-wp/full-width-dark/wp-includes/wlwmanifest.xml]
[lmpixels.com/wp/leven-wp/full-width-dark/wp-json/oembed/1.0/embedd701.json]
[lmpixels.com/wp/leven-wp/full-width-dark/wp-json/oembed/1.0/embed2b04]
[lmpixels.com/wp/leven-wp/full-width-dark/wp-content/uploads/sites/5/2019/12/favicon.ico]
[lmpixels.com/cdn-cgi/bm/cv/669835187/api.js]
[lmpixels.com/wp/leven-wp/full-width-dark/about-me-3/index.html]
[lmpixels.com/wp/leven-wp/full-width-dark/home-2-about-me/index.html]
[lmpixels.com/wp/leven-wp/full-width-dark/about-me-4/index.html]
[lmpixels.com/wp/leven-wp/wp-content/uploads/2019/12/testimonial-1.jpg]
[lmpixels.com/wp/leven-wp/full-width-dark/about-me-6/index.html]
[lmpixels.com/wp/leven-wp/full-width-dark/about-me-5/index.html]
[lmpixels.com/wp/leven-wp/full-width-dark/home/index.html]
[lmpixels.com/wp/leven-wp/full-width-dark/home-2/index.html]
[lmpixels.com/wp/leven-wp/full-width-dark/resume/index.html]
[lmpixels.com/wp/leven-wp/wp-content/uploads/2019/12/testimonial-2.jpg]
[lmpixels.com/wp/leven-wp/full-width-dark/portfolio/index.html]
[lmpixels.com/wp/leven-wp/full-width-dark/portfolio-2-columns/index.html]
[lmpixels.com/wp/leven-wp/full-width-dark/portfolio-4-columns/index.html]
[lmpixels.com/wp/leven-wp/wp-content/uploads/2019/12/testimonial-3.jpg]
[lmpixels.com/wp/leven-wp/full-width-dark/portfolio-5-columns/index.html]
[lmpixels.com/wp/leven-wp/full-width-dark/blog-2-columns/index.html]
[lmpixels.com/wp/leven-wp/full-width-dark/blog-3-columns/index.html]
[lmpixels.com/wp/leven-wp/wp-content/uploads/2019/12/goldengrid.png]
[lmpixels.com/wp/leven-wp/full-width-dark/blog/index.html]
[lmpixels.com/wp/leven-wp/full-width-dark/contact/index.html]
[lmpixels.com/wp/leven-wp/wp-content/uploads/2019/12/sweety.png]
[lmpixels.com/wp/leven-wp/full-width-dark/extra/index.html]
[lmpixels.com/wp/leven-wp/wp-content/uploads/2019/12/Magic-Furnitures-1.png]
[lmpixels.com/wp/leven-wp/wp-content/uploads/2019/12/lifeguard.png]
[lmpixels.com/wp/leven-wp/wp-content/uploads/2019/12/client-7.png]
[lmpixels.com/wp/leven-wp/wp-content/uploads/2019/12/designlovers.png]
[lmpixels.com/wp/leven-wp/wp-content/uploads/2019/12/client-2.png]
[lmpixels.com/wp/leven-wp/full-width-dark/wp-login.html]
[lmpixels.com/wp/leven-wp/full-width-dark/2019/12/04/how-to-make-a-wordpress-plugin-extensible/index.html]
[lmpixels.com/wp/leven-wp/full-width-dark/wp-content/mmr/d9f6956b-1619086408.min.js]
[lmpixels.com/wp/leven-wp/full-width-dark/index.html]
[static.cloudflareinsights.com/beacon.min.js]
[lmpixels.com/wp/leven-wp/full-width-dark/2019/12/04/why-i-switched-to-sketch-for-ui-design/index.html]
[lmpixels.com/wp/leven-wp/full-width-dark/2019/12/04/6-easy-steps-to-better-icon-design/index.html]
[lmpixels.com/wp/leven-wp/full-width-dark/2019/12/04/creative-and-innovative-navigation-designs/index.html]
[lmpixels.com/wp/leven-wp/full-width-dark/2019/11/28/hello-world/index.html]
[lmpixels.com/wp/leven-wp/full-width-dark/wp-content/mmr/547ef784-1619086408.min.css]
[lmpixels.com/wp/leven-wp/full-width-dark/2019/11/index.html]
[lmpixels.com/wp/leven-wp/full-width-dark/2019/12/04/an-overview-of-e-commerce-platforms/index.html]
[lmpixels.com/wp/leven-wp/full-width-dark/2019/12/index.html]
[lmpixels.com/wp/leven-wp/full-width-dark/category/design/index.html]
[lmpixels.com/wp/leven-wp/full-width-dark/category/e-commerce/index.html]
[lmpixels.com/wp/leven-wp/full-width-dark/category/wordpress/index.html]
[lmpixels.com/wp/leven-wp/full-width-dark/category/ui/index.html]
[lmpixels.com/wp/leven-wp/full-width-dark/category/uncategorized/index.html]
[lmpixels.com/wp/leven-wp/full-width-dark/wp-content/mmr/295df9e4-1619086408.min.css]
[lmpixels.com/wp/leven-wp/full-width-dark/wp-json/wp/v2/pages/164.json]
[lmpixels.com/wp/leven-wp/full-width-dark/wp-json/oembed/1.0/embedc790.json]
[lmpixels.com/wp/leven-wp/full-width-dark/wp-json/oembed/1.0/embedf20a]
[lmpixels.com/wp/leven-wp/full-width-dark/home-2-about-me/index.html]
[lmpixels.com/wp/leven-wp/full-width-dark/wp-content/mmr/f7a9a3c8-1619086408.min.js]
[lmpixels.com/wp/leven-wp/full-width-dark/wp-json/wp/v2/pages/310.json]
[lmpixels.com/wp/leven-wp/full-width-dark/wp-content/mmr/51eff777-1619086408.min.css]
[lmpixels.com/wp/leven-wp/full-width-dark/wp-json/oembed/1.0/embed0ba7.json]
[lmpixels.com/wp/leven-wp/full-width-dark/wp-json/oembed/1.0/embed19a5]
[lmpixels.com/wp/leven-wp/wp-content/uploads/2019/11/main_photo.jpg]
[lmpixels.com/wp/leven-wp/wp-content/uploads/2019/12/client.png]
[lmpixels.com/wp/leven-wp/full-width-dark/about-me-3/index.html]
[lmpixels.com/wp/leven-wp/full-width-dark/wp-json/wp/v2/pages/319.json]
[lmpixels.com/wp/leven-wp/full-width-dark/wp-json/oembed/1.0/embed8451.json]
[lmpixels.com/wp/leven-wp/full-width-dark/wp-content/mmr/30b3f983-1619086408.min.css]
[lmpixels.com/wp/leven-wp/full-width-dark/wp-json/oembed/1.0/embed8887]
[lmpixels.com/wp/leven-wp/full-width-dark/about-me-4/index.html]
[lmpixels.com/wp/leven-wp/full-width-dark/wp-content/mmr/f7f3a3c9-1619086408.min.js]
[lmpixels.com/wp/leven-wp/full-width-dark/wp-json/wp/v2/pages/323.json]
[lmpixels.com/wp/leven-wp/full-width-dark/wp-json/oembed/1.0/embed84ad.json]
[lmpixels.com/wp/leven-wp/full-width-dark/about-me-5/index.html]
[lmpixels.com/wp/leven-wp/full-width-dark/wp-json/oembed/1.0/embedb647]
[lmpixels.com/wp/leven-wp/full-width-dark/wp-json/wp/v2/pages/326.json]
[lmpixels.com/wp/leven-wp/full-width-dark/wp-json/oembed/1.0/embed8650.json]
[lmpixels.com/wp/leven-wp/full-width-dark/about-me-6/index.html]
[lmpixels.com/wp/leven-wp/full-width-dark/wp-json/oembed/1.0/embed26a6]
[lmpixels.com/wp/leven-wp/full-width-dark/wp-json/wp/v2/pages/8.json]
[lmpixels.com/wp/leven-wp/full-width-dark/wp-content/mmr/1dfde2cd-1619086408.min.css]
[lmpixels.com/wp/leven-wp/full-width-dark/wp-json/oembed/1.0/embed7bb0.json]
[lmpixels.com/wp/leven-wp/full-width-dark/wp-json/oembed/1.0/embed2df6]
[lmpixels.com/wp/leven-wp/full-width-dark/home/index.html]
[lmpixels.com/wp/leven-wp/full-width-dark/wp-content/mmr/1a927b7f-1617349864.min.js]
[lmpixels.com/wp/leven-wp/full-width-dark/wp-json/wp/v2/pages/15.json]
[lmpixels.com/wp/leven-wp/full-width-dark/wp-content/mmr/774de52d-1619086408.min.css]
[lmpixels.com/wp/leven-wp/full-width-dark/wp-json/oembed/1.0/embedd979.json]
[lmpixels.com/wp/leven-wp/full-width-dark/wp-json/oembed/1.0/embed54ca]
[lmpixels.com/wp/leven-wp/full-width-dark/home-2/index.html]
[lmpixels.com/wp/leven-wp/full-width-dark/wp-content/mmr/926c89dc-1619086408.min.js]
[lmpixels.com/wp/leven-wp/full-width-dark/wp-json/wp/v2/pages/171.json]
[lmpixels.com/wp/leven-wp/full-width-dark/wp-json/oembed/1.0/embed39d4.json]
[lmpixels.com/wp/leven-wp/full-width-dark/wp-content/mmr/88fbe971-1619086408.min.css]
[lmpixels.com/wp/leven-wp/full-width-dark/wp-json/oembed/1.0/embed9fc9]
[lmpixels.com/wp/leven-wp/wp-content/uploads/2019/11/1.jpg]
[lmpixels.com/wp/leven-wp/wp-content/uploads/2019/12/client-1.png]
[lmpixels.com/wp/leven-wp/full-width-dark/resume/index.html]
[lmpixels.com/wp/leven-wp/full-width-dark/wp-content/mmr/3f3f8690-1619086408.min.js]
[lmpixels.com/wp/leven-wp/full-width-dark/wp-json/wp/v2/pages/25.json]
[lmpixels.com/wp/leven-wp/full-width-dark/wp-content/mmr/df9fd803-1619084020.min.css]
[lmpixels.com/wp/leven-wp/full-width-dark/wp-json/oembed/1.0/embed0115]
[lmpixels.com/wp/leven-wp/full-width-dark/wp-content/uploads/sites/5/2019/12/12.jpg]
[lmpixels.com/wp/leven-wp/full-width-dark/wp-json/oembed/1.0/embed380e.json]
[lmpixels.com/wp/leven-wp/full-width-dark/wp-content/uploads/sites/5/2019/12/7.jpg]
[lmpixels.com/wp/leven-wp/full-width-dark/project/full-project-2/index.html]
[lmpixels.com/wp/leven-wp/full-width-dark/wp-content/uploads/sites/5/2019/12/1.jpg]
[lmpixels.com/wp/leven-wp/full-width-dark/wp-content/uploads/sites/5/2019/12/2.jpg]
[lmpixels.com/wp/leven-wp/full-width-dark/wp-content/uploads/sites/5/2019/12/3.jpg]
[lmpixels.com/wp/leven-wp/full-width-dark/wp-content/uploads/sites/5/2019/12/4-1.jpg]
[lmpixels.com/wp/leven-wp/full-width-dark/wp-content/uploads/sites/5/2019/12/5-1.jpg]
[lmpixels.com/wp/leven-wp/full-width-dark/wp-content/uploads/sites/5/2019/12/6.jpg]
[lmpixels.com/wp/leven-wp/full-width-dark/project/full-project-1/index.html]
[lmpixels.com/wp/leven-wp/full-width-dark/wp-content/uploads/sites/5/2019/12/9.jpg]
[lmpixels.com/wp/leven-wp/full-width-dark/portfolio/index.html]
[lmpixels.com/wp/leven-wp/full-width-dark/wp-json/wp/v2/pages/30.json]
[lmpixels.com/wp/leven-wp/full-width-dark/wp-json/oembed/1.0/embeda0f9.json]
[lmpixels.com/wp/leven-wp/full-width-dark/portfolio-2-columns/index.html]
[lmpixels.com/wp/leven-wp/full-width-dark/wp-json/oembed/1.0/embed59e6]
[lmpixels.com/wp/leven-wp/full-width-dark/wp-json/wp/v2/pages/34.json]
[lmpixels.com/wp/leven-wp/full-width-dark/wp-json/oembed/1.0/embede4cc.json]
[lmpixels.com/wp/leven-wp/full-width-dark/portfolio-4-columns/index.html]
[lmpixels.com/wp/leven-wp/full-width-dark/wp-json/oembed/1.0/embed1fb8]
[lmpixels.com/wp/leven-wp/full-width-dark/wp-json/wp/v2/pages/37.json]
[lmpixels.com/wp/leven-wp/full-width-dark/wp-json/oembed/1.0/embed031f.json]
[lmpixels.com/wp/leven-wp/full-width-dark/portfolio-5-columns/index.html]
[lmpixels.com/wp/leven-wp/full-width-dark/wp-json/oembed/1.0/embed3822]
[lmpixels.com/wp/leven-wp/full-width-dark/wp-json/wp/v2/pages/83.json]
[lmpixels.com/wp/leven-wp/full-width-dark/wp-content/mmr/1376dfec-1619084020.min.css]
[lmpixels.com/wp/leven-wp/full-width-dark/wp-json/oembed/1.0/embeda244.json]
[lmpixels.com/wp/leven-wp/full-width-dark/wp-json/oembed/1.0/embed5795]
[lmpixels.com/wp/leven-wp/full-width-dark/wp-content/uploads/sites/5/2019/12/blog_post_2_full.jpg]
[lmpixels.com/wp/leven-wp/full-width-dark/wp-content/uploads/sites/5/2019/12/blog_post_6_full.jpg]
[lmpixels.com/wp/leven-wp/full-width-dark/wp-content/uploads/sites/5/2019/12/blog_post_7_full.jpg]
[lmpixels.com/wp/leven-wp/full-width-dark/wp-content/uploads/sites/5/2019/12/blog_post_5_full.jpg]
[lmpixels.com/wp/leven-wp/full-width-dark/wp-content/uploads/sites/5/2019/12/blog_post_4_full.jpg]
[lmpixels.com/wp/leven-wp/full-width-dark/2019/12/04/designing-the-perfect-feature-comparison-table/index.html]
[lmpixels.com/wp/leven-wp/full-width-dark/wp-content/uploads/sites/5/2019/12/blog_post_3_full.jpg]
[lmpixels.com/wp/leven-wp/full-width-dark/blog-2-columns/index.html]
[lmpixels.com/wp/leven-wp/full-width-dark/wp-json/wp/v2/pages/86.json]
[lmpixels.com/wp/leven-wp/full-width-dark/wp-json/oembed/1.0/embed1d3e.json]
[lmpixels.com/wp/leven-wp/full-width-dark/blog-3-columns/index.html]
[lmpixels.com/wp/leven-wp/full-width-dark/wp-json/oembed/1.0/embedacc1]
[lmpixels.com/wp/leven-wp/full-width-dark/tag/design/index.html]
[lmpixels.com/wp/leven-wp/full-width-dark/author/lmpixels/index.html]
[lmpixels.com/wp/leven-wp/full-width-dark/tag/wordpress/index.html]
[lmpixels.com/wp/leven-wp/full-width-dark/tag/ui/index.html]
[lmpixels.com/wp/leven-wp/full-width-dark/tag/plugin/index.html]
[lmpixels.com/wp/leven-wp/full-width-dark/tag/icon/index.html]
[lmpixels.com/wp/leven-wp/full-width-dark/wp-content/uploads/sites/5/2019/12/blog_post_1_full.jpg]
[lmpixels.com/wp/leven-wp/full-width-dark/blog/index.html]
[lmpixels.com/wp/leven-wp/full-width-dark/tag/video/index.html]
[lmpixels.com/wp/leven-wp/full-width-dark/tag/ux/index.html]
[lmpixels.com/wp/leven-wp/full-width-dark/tag/menu/index.html]
[lmpixels.com/wp/leven-wp/full-width-dark/tag/vimeo/index.html]
[lmpixels.com/wp/leven-wp/full-width-dark/tag/youtube/index.html]
[lmpixels.com/wp/leven-wp/full-width-dark/wp-json/wp/v2/pages/187.json]
[lmpixels.com/wp/leven-wp/full-width-dark/tag/sketch/index.html]
[lmpixels.com/wp/leven-wp/full-width-dark/tag/photoshop/index.html]
[lmpixels.com/wp/leven-wp/full-width-dark/tag/soundcloud/index.html]
[lmpixels.com/wp/leven-wp/full-width-dark/wp-json/oembed/1.0/embedd6a5.json]
[lmpixels.com/wp/leven-wp/full-width-dark/tag/e-commerce/index.html]
[lmpixels.com/wp/leven-wp/full-width-dark/tag/cms/index.html]
[lmpixels.com/wp/leven-wp/full-width-dark/tag/table/index.html]
[lmpixels.com/wp/leven-wp/full-width-dark/tag/web/index.html]
[lmpixels.com/wp/leven-wp/full-width-dark/wp-json/oembed/1.0/embed0231]
[lmpixels.com/wp/leven-wp/full-width-dark/tag/animate/index.html]
[lmpixels.com/wp/leven-wp/full-width-dark/2019/12/04/best-practices-for-animated-progress-indicators/index.html]
[lmpixels.com/wp/leven-wp/full-width-dark/tag/bar/index.html]
[lmpixels.com/cdn-cgi/scripts/5c5dd728/cloudflare-static/email-decode.min.js]
[lmpixels.com/wp/leven-wp/full-width-dark/tag/progress/index.html]
[www.google.com/recaptcha/api.js]
[lmpixels.com/wp/leven-wp/full-width-dark/wp-content/mmr/490f786e-1617349864.min.js]
[lmpixels.com/wp/leven-wp/full-width-dark/contact/index.html]
[lmpixels.com/wp/leven-wp/full-width-dark/wp-content/mmr/59f81529-1612426405.min.js]
[lmpixels.com/wp/leven-wp/full-width-dark/wp-json/wp/v2/pages/334.json]
[lmpixels.com/wp/leven-wp/full-width-dark/wp-content/mmr/c9761b3d-1619084020.min.css]
[lmpixels.com/wp/leven-wp/full-width-dark/wp-content/mmr/cf1336b9-1618481472.min.js]
[lmpixels.com/wp/leven-wp/full-width-dark/wp-json/oembed/1.0/embed2827.json]
[lmpixels.com/wp/leven-wp/full-width-dark/wp-json/oembed/1.0/embede1a9]
[lmpixels.com/wp/leven-wp/full-width-dark/extra/index.html]
[lmpixels.com/wp/leven-wp/full-width-dark/wp-content/mmr/f6e09c33-1617349864.min.js]
[lmpixels.com/wp/leven-wp/full-width-dark/2019/12/04/how-to-make-a-wordpress-plugin-extensible/feed/index.html]
[lmpixels.com/wp/leven-wp/full-width-dark/wp-content/mmr/66d82978-1618481472.min.js]
[lmpixels.com/wp/leven-wp/full-width-dark/wp-json/wp/v2/posts/139.json]
[lmpixels.com/wp/leven-wp/full-width-dark/wp-json/oembed/1.0/embededaf.json]
[lmpixels.com/wp/leven-wp/full-width-dark/wp-json/oembed/1.0/embed58a7]
[lmpixels.com/wp/leven-wp/full-width-dark/xmlrpc.php]
[lmpixels.com/wp/leven-wp/wp-content/uploads/2019/12/blog_post_1_full.jpg]
[lmpixels.com/wp/leven-wp/full-width-dark/2019/12/04/how-to-make-a-wordpress-plugin-extensible/index.html]
[lmpixels.com/wp/leven-wp/full-width-dark/2019/12/04/6-easy-steps-to-better-icon-design/feed/index.html]
[lmpixels.com/wp/leven-wp/full-width-dark/wp-json/wp/v2/posts/136.json]
[lmpixels.com/wp/leven-wp/full-width-dark/wp-json/oembed/1.0/embed2fa6.json]
[lmpixels.com/wp/leven-wp/full-width-dark/wp-json/oembed/1.0/embedaa19]
[lmpixels.com/wp/leven-wp/wp-content/uploads/2019/12/blog_post_6_full.jpg]
[lmpixels.com/wp/leven-wp/full-width-dark/2019/12/04/6-easy-steps-to-better-icon-design/index.html]
[lmpixels.com/wp/leven-wp/full-width-dark/wp-json/wp/v2/posts/133.json]
[lmpixels.com/wp/leven-wp/full-width-dark/2019/12/04/creative-and-innovative-navigation-designs/feed/index.html]
[lmpixels.com/wp/leven-wp/full-width-dark/wp-json/oembed/1.0/embeda6a2.json]
[lmpixels.com/wp/leven-wp/full-width-dark/2019/12/04/creative-and-innovative-navigation-designs/index.html]
[lmpixels.com/wp/leven-wp/full-width-dark/wp-json/oembed/1.0/embedf311]
[lmpixels.com/wp/leven-wp/full-width-dark/wp-json/wp/v2/posts/123.json]
[lmpixels.com/wp/leven-wp/full-width-dark/2019/12/04/why-i-switched-to-sketch-for-ui-design/feed/index.html]
[lmpixels.com/wp/leven-wp/full-width-dark/wp-json/oembed/1.0/embed233d.json]
[lmpixels.com/wp/leven-wp/full-width-dark/wp-json/oembed/1.0/embed1029]
[lmpixels.com/wp/leven-wp/wp-content/uploads/2019/12/blog_post_4_full.jpg]
[lmpixels.com/wp/leven-wp/full-width-dark/2019/12/04/why-i-switched-to-sketch-for-ui-design/index.html]
[lmpixels.com/wp/leven-wp/full-width-dark/2019/12/04/an-overview-of-e-commerce-platforms/feed/index.html]
[lmpixels.com/wp/leven-wp/full-width-dark/wp-json/wp/v2/posts/120.json]
[lmpixels.com/wp/leven-wp/full-width-dark/wp-json/oembed/1.0/embeda696.json]
[lmpixels.com/wp/leven-wp/full-width-dark/2019/12/04/an-overview-of-e-commerce-platforms/index.html]
[lmpixels.com/wp/leven-wp/full-width-dark/wp-json/oembed/1.0/embedf133]
[lmpixels.com/wp/leven-wp/full-width-dark/2019/11/28/hello-world/feed/index.html]
[lmpixels.com/wp/leven-wp/full-width-dark/wp-json/wp/v2/posts/1.json]
[lmpixels.com/wp/leven-wp/full-width-dark/wp-json/oembed/1.0/embede7a8.json]
[lmpixels.com/wp/leven-wp/full-width-dark/wp-content/mmr/3d9ac184-1619084020.min.css]
[lmpixels.com/wp/leven-wp/full-width-dark/wp-json/oembed/1.0/embeddcd2]
[lmpixels.com/wp/leven-wp/full-width-dark/2019/11/28/hello-world/index.html]
[lmpixels.com/wp/leven-wp/full-width-dark/2019/12/index.html]
[lmpixels.com/wp/leven-wp/full-width-dark/2019/11/index.html]
[lmpixels.com/wp/leven-wp/full-width-dark/2019/11/28/hello-world/index6809.html]
[lmpixels.com/wp/leven-wp/full-width-dark/wp-content/mmr/763f39dd-1617349864.min.js]
[lmpixels.com/wp/leven-wp/full-width-dark/category/design/feed/index.html]
[lmpixels.com/wp/leven-wp/full-width-dark/category/design/index.html]
[lmpixels.com/wp/leven-wp/full-width-dark/wp-json/wp/v2/categories/22.json]
[lmpixels.com/wp/leven-wp/full-width-dark/category/e-commerce/index.html]
[lmpixels.com/wp/leven-wp/full-width-dark/wp-json/wp/v2/categories/10.json]
[lmpixels.com/wp/leven-wp/full-width-dark/category/e-commerce/feed/index.html]
[lmpixels.com/wp/leven-wp/full-width-dark/category/ui/index.html]
[lmpixels.com/wp/leven-wp/full-width-dark/wp-json/wp/v2/categories/16.json]
[lmpixels.com/wp/leven-wp/full-width-dark/category/ui/feed/index.html]
[lmpixels.com/wp/leven-wp/full-width-dark/category/uncategorized/feed/index.html]
[lmpixels.com/wp/leven-wp/full-width-dark/category/uncategorized/index.html]
[lmpixels.com/wp/leven-wp/full-width-dark/wp-json/wp/v2/categories/1.json]
[lmpixels.com/wp/leven-wp/full-width-dark/category/wordpress/index.html]
[lmpixels.com/wp/leven-wp/full-width-dark/category/wordpress/feed/index.html]
[lmpixels.com/wp/leven-wp/full-width-dark/wp-json/wp/v2/categories/31.json]
[lmpixels.com/wp/leven-wp/full-width-dark/wp-includes/css/dashicons.min.css]
[lmpixels.com/wp/leven-wp/full-width-dark/wp-includes/css/buttons.min.css]
[lmpixels.com/wp/leven-wp/full-width-dark/wp-admin/css/forms.min.css]
[lmpixels.com/wp/leven-wp/full-width-dark/wp-admin/css/l10n.min.css]
[lmpixels.com/wp/leven-wp/full-width-dark/wp-admin/css/login.min.css]
[lmpixels.com/wp/leven-wp/full-width-dark/wp-login.html]
[lmpixels.com/wp/leven-wp/full-width-dark/wp-content/mmr/5fd14077-1618481471.min.js]
[lmpixels.com/wp/leven-wp/full-width-dark/wp-content/mmr/295df9e4-1619086408.min.css]
[lmpixels.com/wp/leven-wp/full-width-dark/index7760.html]
[lmpixels.com/wp/leven-wp/full-width-dark/wp-content/mmr/51eff777-1619086408.min.css]
[lmpixels.com/wp/leven-wp/full-width-dark/index90b2.html]
[lmpixels.com/wp/leven-wp/full-width-dark/wp-content/mmr/30b3f983-1619086408.min.css]
[lmpixels.com/wp/leven-wp/full-width-dark/index63fb.html]
[lmpixels.com/wp/leven-wp/full-width-dark/index3cee.html]
[lmpixels.com/wp/leven-wp/full-width-dark/index4bd3.html]
[lmpixels.com/wp/leven-wp/full-width-dark/wp-content/mmr/1dfde2cd-1619086408.min.css]
[lmpixels.com/wp/leven-wp/full-width-dark/index2df4.html]
[lmpixels.com/wp/leven-wp/full-width-dark/wp-content/mmr/774de52d-1619086408.min.css]
[lmpixels.com/wp/leven-wp/full-width-dark/indexa1ca.html]
[lmpixels.com/wp/leven-wp/full-width-dark/wp-content/mmr/88fbe971-1619086408.min.css]
[lmpixels.com/wp/leven-wp/full-width-dark/indexa828.html]
[lmpixels.com/wp/leven-wp/full-width-dark/wp-content/mmr/df9fd803-1619084020.min.css]
[lmpixels.com/wp/leven-wp/full-width-dark/index970c.html]
[lmpixels.com/wp/leven-wp/full-width-dark/wp-json/wp/v2/fw-portfolio/73.json]
[lmpixels.com/wp/leven-wp/full-width-dark/wp-json/oembed/1.0/embed31d6.json]
[lmpixels.com/wp/leven-wp/full-width-dark/wp-json/oembed/1.0/embed55be]
[lmpixels.com/wp/leven-wp/full-width-dark/project/youtube-video-2/index.html]
[lmpixels.com/wp/leven-wp/wp-content/uploads/2019/12/1.jpg]
[lmpixels.com/wp/leven-wp/wp-content/uploads/2019/12/2.jpg]
[lmpixels.com/wp/leven-wp/wp-content/uploads/2019/12/3.jpg]
[lmpixels.com/wp/leven-wp/wp-content/uploads/2019/12/4-1.jpg]
[lmpixels.com/wp/leven-wp/wp-content/uploads/2019/12/8.jpg]
[lmpixels.com/wp/leven-wp/full-width-dark/project/full-project-2/index.html]
[lmpixels.com/wp/leven-wp/full-width-dark/wp-json/wp/v2/fw-portfolio/43.json]
[lmpixels.com/wp/leven-wp/full-width-dark/wp-json/oembed/1.0/embed7df9.json]
[lmpixels.com/wp/leven-wp/full-width-dark/wp-json/oembed/1.0/embed3351]
[lmpixels.com/wp/leven-wp/full-width-dark/project/direct-url/index.html]
[lmpixels.com/wp/leven-wp/full-width-dark/project/youtube-video-1/index.html]
[lmpixels.com/wp/leven-wp/wp-content/uploads/2019/12/10.jpg]
[lmpixels.com/wp/leven-wp/wp-content/uploads/2019/12/11.jpg]
[lmpixels.com/wp/leven-wp/wp-content/uploads/2019/12/12.jpg]
[lmpixels.com/wp/leven-wp/wp-content/uploads/2019/11/9.jpg]
[lmpixels.com/wp/leven-wp/full-width-dark/project/full-project-1/index.html]
[lmpixels.com/wp/leven-wp/full-width-dark/index5643.html]
[lmpixels.com/wp/leven-wp/full-width-dark/index1e7e.html]
[lmpixels.com/wp/leven-wp/full-width-dark/index4837.html]
[lmpixels.com/wp/leven-wp/full-width-dark/wp-content/mmr/1376dfec-1619084020.min.css]
[lmpixels.com/wp/leven-wp/full-width-dark/index55e4.html]
[lmpixels.com/wp/leven-wp/full-width-dark/2019/12/04/designing-the-perfect-feature-comparison-table/feed/index.html]
[lmpixels.com/wp/leven-wp/full-width-dark/wp-json/wp/v2/posts/114.json]
[lmpixels.com/wp/leven-wp/full-width-dark/wp-json/oembed/1.0/embed66f7.json]
[lmpixels.com/wp/leven-wp/full-width-dark/2019/12/04/designing-the-perfect-feature-comparison-table/index.html]
[lmpixels.com/wp/leven-wp/full-width-dark/index6213.html]
[lmpixels.com/wp/leven-wp/full-width-dark/wp-json/oembed/1.0/embedf852]
[lmpixels.com/wp/leven-wp/full-width-dark/wp-json/wp/v2/users/1]
[lmpixels.com/wp/leven-wp/full-width-dark/author/lmpixels/index.html]
[lmpixels.com/wp/leven-wp/full-width-dark/tag/design/index.html]
[lmpixels.com/wp/leven-wp/full-width-dark/wp-json/wp/v2/tags/11.json]
[lmpixels.com/wp/leven-wp/full-width-dark/tag/design/feed/index.html]
[lmpixels.com/wp/leven-wp/full-width-dark/author/lmpixels/feed/index.html]
[lmpixels.com/wp/leven-wp/full-width-dark/tag/plugin/feed/index.html]
[lmpixels.com/wp/leven-wp/full-width-dark/tag/plugin/index.html]
[lmpixels.com/wp/leven-wp/full-width-dark/wp-json/wp/v2/tags/32.json]
[lmpixels.com/wp/leven-wp/full-width-dark/tag/wordpress/index.html]
[lmpixels.com/wp/leven-wp/full-width-dark/wp-json/wp/v2/tags/33.json]
[lmpixels.com/wp/leven-wp/full-width-dark/tag/wordpress/feed/index.html]
[lmpixels.com/wp/leven-wp/full-width-dark/tag/icon/index.html]
[lmpixels.com/wp/leven-wp/full-width-dark/wp-json/wp/v2/tags/30.json]
[lmpixels.com/wp/leven-wp/full-width-dark/tag/icon/feed/index.html]
[lmpixels.com/wp/leven-wp/full-width-dark/tag/ui/index.html]
[lmpixels.com/wp/leven-wp/full-width-dark/tag/ui/feed/index.html]
[lmpixels.com/wp/leven-wp/full-width-dark/wp-json/wp/v2/tags/13.json]
[lmpixels.com/wp/leven-wp/full-width-dark/tag/ux/index.html]
[lmpixels.com/wp/leven-wp/full-width-dark/tag/ux/feed/index.html]
[lmpixels.com/wp/leven-wp/full-width-dark/wp-json/wp/v2/tags/14.json]
[lmpixels.com/wp/leven-wp/full-width-dark/tag/menu/index.html]
[lmpixels.com/wp/leven-wp/full-width-dark/wp-json/wp/v2/tags/26.json]
[lmpixels.com/wp/leven-wp/full-width-dark/tag/menu/feed/index.html]
[lmpixels.com/wp/leven-wp/full-width-dark/tag/video/feed/index.html]
[lmpixels.com/wp/leven-wp/full-width-dark/tag/video/index.html]
[lmpixels.com/wp/leven-wp/full-width-dark/wp-json/wp/v2/tags/27.json]
[lmpixels.com/wp/leven-wp/full-width-dark/tag/vimeo/index.html]
[lmpixels.com/wp/leven-wp/full-width-dark/wp-json/wp/v2/tags/28.json]
[lmpixels.com/wp/leven-wp/full-width-dark/tag/vimeo/feed/index.html]
[lmpixels.com/wp/leven-wp/full-width-dark/tag/youtube/index.html]
[lmpixels.com/wp/leven-wp/full-width-dark/wp-json/wp/v2/tags/29.json]
[lmpixels.com/wp/leven-wp/full-width-dark/tag/youtube/feed/index.html]
[lmpixels.com/wp/leven-wp/full-width-dark/tag/photoshop/index.html]
[lmpixels.com/wp/leven-wp/full-width-dark/wp-json/wp/v2/tags/23.json]
[lmpixels.com/wp/leven-wp/full-width-dark/tag/photoshop/feed/index.html]
[lmpixels.com/wp/leven-wp/full-width-dark/tag/sketch/index.html]
[lmpixels.com/wp/leven-wp/full-width-dark/wp-json/wp/v2/tags/24.json]
[lmpixels.com/wp/leven-wp/full-width-dark/tag/sketch/feed/index.html]
[lmpixels.com/wp/leven-wp/full-width-dark/tag/soundcloud/index.html]
[lmpixels.com/wp/leven-wp/full-width-dark/wp-json/wp/v2/tags/25.json]
[lmpixels.com/wp/leven-wp/full-width-dark/tag/soundcloud/feed/index.html]
[lmpixels.com/wp/leven-wp/full-width-dark/tag/cms/index.html]
[lmpixels.com/wp/leven-wp/full-width-dark/wp-json/wp/v2/tags/20.json]
[lmpixels.com/wp/leven-wp/full-width-dark/tag/e-commerce/index.html]
[lmpixels.com/wp/leven-wp/full-width-dark/wp-json/wp/v2/tags/21.json]
[lmpixels.com/wp/leven-wp/full-width-dark/tag/cms/feed/index.html]
[lmpixels.com/wp/leven-wp/full-width-dark/tag/e-commerce/feed/index.html]
[lmpixels.com/wp/leven-wp/full-width-dark/tag/table/index.html]
[lmpixels.com/wp/leven-wp/full-width-dark/wp-json/wp/v2/tags/12.json]
[lmpixels.com/wp/leven-wp/full-width-dark/tag/table/feed/index.html]
[lmpixels.com/wp/leven-wp/full-width-dark/tag/web/index.html]
[lmpixels.com/wp/leven-wp/full-width-dark/wp-json/wp/v2/tags/15.json]
[lmpixels.com/wp/leven-wp/full-width-dark/wp-json/wp/v2/posts/96.json]
[lmpixels.com/wp/leven-wp/full-width-dark/2019/12/04/best-practices-for-animated-progress-indicators/feed/index.html]
[lmpixels.com/wp/leven-wp/full-width-dark/wp-json/oembed/1.0/embed8112.json]
[lmpixels.com/wp/leven-wp/full-width-dark/tag/web/feed/index.html]
[lmpixels.com/wp/leven-wp/full-width-dark/2019/12/04/best-practices-for-animated-progress-indicators/index.html]
[lmpixels.com/wp/leven-wp/full-width-dark/wp-json/oembed/1.0/embed9348]
[lmpixels.com/wp/leven-wp/full-width-dark/tag/animate/feed/index.html]
[lmpixels.com/wp/leven-wp/full-width-dark/tag/animate/index.html]
[lmpixels.com/wp/leven-wp/full-width-dark/wp-json/wp/v2/tags/17.json]
[lmpixels.com/wp/leven-wp/full-width-dark/tag/bar/index.html]
[lmpixels.com/wp/leven-wp/full-width-dark/wp-json/wp/v2/tags/18.json]
[lmpixels.com/wp/leven-wp/full-width-dark/tag/progress/index.html]
[lmpixels.com/wp/leven-wp/full-width-dark/indexc885.html]
[lmpixels.com/wp/leven-wp/full-width-dark/wp-json/wp/v2/tags/19.json]
[lmpixels.com/wp/leven-wp/full-width-dark/tag/bar/feed/index.html]
[lmpixels.com/wp/leven-wp/full-width-dark/tag/progress/feed/index.html]
[lmpixels.com/wp/leven-wp/full-width-dark/wp-content/mmr/c9761b3d-1619084020.min.css]
[lmpixels.com/wp/leven-wp/full-width-dark/indexd06c.html]
[lmpixels.com/wp/leven-wp/full-width-dark/indexb4d2.html]
[lmpixels.com/wp/leven-wp/full-width-dark/xmlrpc.php]
[lmpixels.com/wp/leven-wp/full-width-dark/index9469.html]
[lmpixels.com/wp/leven-wp/full-width-dark/index9c49.html]
[lmpixels.com/wp/leven-wp/full-width-dark/indexb8c4.html]
[lmpixels.com/wp/leven-wp/full-width-dark/index2c90.html]
[lmpixels.com/wp/leven-wp/full-width-dark/wp-content/mmr/3d9ac184-1619084020.min.css]
[lmpixels.com/wp/leven-wp/full-width-dark/indexcff1.html]
[lmpixels.com/wp/leven-wp/full-width-dark/2019/11/28/hello-world/index6809.html]
[lmpixels.com/wp/leven-wp/full-width-dark/wp-includes/fonts/dashicons7d4b.eot]
[lmpixels.com/wp/leven-wp/full-width-dark/wp-includes/css/dashicons.min.css]
[lmpixels.com/wp/leven-wp/full-width-dark/wp-includes/css/buttons.min.css]
[lmpixels.com/wp/leven-wp/full-width-dark/wp-admin/images/loading.gif]
[lmpixels.com/wp/leven-wp/full-width-dark/wp-admin/css/forms.min.css]
[lmpixels.com/wp/leven-wp/full-width-dark/wp-admin/css/l10n.min.css]
[lmpixels.com/wp/leven-wp/full-width-dark/wp-admin/images/w-logo-blue7a53.png]
[lmpixels.com/wp/leven-wp/full-width-dark/wp-includes/fonts/dashicons7d4b.ttf]
[lmpixels.com/wp/leven-wp/full-width-dark/wp-admin/css/login.min.css]
[lmpixels.com/wp/leven-wp/full-width-dark/index8cae.html]
[lmpixels.com/wp/leven-wp/full-width-dark/wp-admin/images/wordpress-logo7d6b.svg]
[lmpixels.com/wp/leven-wp/full-width-dark/wp-json/wp/v2/fw-portfolio/79.json]
[lmpixels.com/wp/leven-wp/full-width-dark/wp-json/oembed/1.0/embedf26b.json]
[lmpixels.com/wp/leven-wp/full-width-dark/project/youtube-video-2/index.html]
[lmpixels.com/wp/leven-wp/full-width-dark/index4170.html]
[lmpixels.com/wp/leven-wp/full-width-dark/wp-json/oembed/1.0/embed273c]
[lmpixels.com/wp/leven-wp/full-width-dark/project/image-2/index.html]
[lmpixels.com/wp/leven-wp/full-width-dark/wp-json/wp/v2/fw-portfolio/71.json]
[lmpixels.com/wp/leven-wp/full-width-dark/wp-json/oembed/1.0/embed7f47.json]
[lmpixels.com/wp/leven-wp/full-width-dark/project/direct-url/index.html]
[lmpixels.com/wp/leven-wp/full-width-dark/wp-json/oembed/1.0/embed6509]
[lmpixels.com/wp/leven-wp/full-width-dark/wp-json/wp/v2/fw-portfolio/63.json]
[lmpixels.com/wp/leven-wp/full-width-dark/project/image-1/index.html]
[lmpixels.com/wp/leven-wp/full-width-dark/wp-json/oembed/1.0/embed945c.json]
[lmpixels.com/wp/leven-wp/full-width-dark/project/youtube-video-1/index.html]
[lmpixels.com/wp/leven-wp/full-width-dark/index30a5.html]
[lmpixels.com/wp/leven-wp/full-width-dark/wp-json/wp/v2/users/1.json]
[lmpixels.com/wp/leven-wp/full-width-dark/index6f72.html]
[lmpixels.com/wp/leven-wp/full-width-dark/wp-admin/images/wordpress-logo7d6b.svg]
[lmpixels.com/wp/leven-wp/full-width-dark/index6ffe.html]
[lmpixels.com/wp/leven-wp/full-width-dark/wp-json/oembed/1.0/embed66e5]
[lmpixels.com/wp/leven-wp/full-width-dark/wp-json/wp/v2/fw-portfolio/81.json]
[lmpixels.com/wp/leven-wp/full-width-dark/wp-json/oembed/1.0/embed29f5.json]
[lmpixels.com/wp/leven-wp/full-width-dark/project/vimeo-video/index.html]
[lmpixels.com/wp/leven-wp/full-width-dark/project/image-2/index.html]
[lmpixels.com/wp/leven-wp/full-width-dark/index6cf3.html]
[lmpixels.com/wp/leven-wp/full-width-dark/wp-json/oembed/1.0/embed284a]
[lmpixels.com/wp/leven-wp/full-width-dark/wp-json/wp/v2/fw-portfolio/69.json]
[lmpixels.com/wp/leven-wp/full-width-dark/wp-json/oembed/1.0/embede495.json]
[lmpixels.com/wp/leven-wp/full-width-dark/project/image-1/index.html]
[lmpixels.com/wp/leven-wp/full-width-dark/index2cce.html]
[lmpixels.com/wp/leven-wp/full-width-dark/wp-json/oembed/1.0/embedcde2]
[lmpixels.com/wp/leven-wp/full-width-dark/project/soundcloud-audio-1/index.html]
[lmpixels.com/wp/leven-wp/full-width-dark/wp-json/wp/v2/fw-portfolio/65.json]
[lmpixels.com/wp/leven-wp/full-width-dark/wp-json/oembed/1.0/embed8b1e.json]
[lmpixels.com/wp/leven-wp/full-width-dark/project/vimeo-video/index.html]
[lmpixels.com/wp/leven-wp/full-width-dark/index44d0.html]
[lmpixels.com/wp/leven-wp/full-width-dark/wp-json/oembed/1.0/embed2a74]
[lmpixels.com/wp/leven-wp/full-width-dark/wp-json/wp/v2/fw-portfolio/67.json]
[lmpixels.com/wp/leven-wp/full-width-dark/wp-json/oembed/1.0/embeda80d.json]
[lmpixels.com/wp/leven-wp/full-width-dark/project/soundcloud-audio-1/index.html]
[lmpixels.com/wp/leven-wp/full-width-dark/indexe2dc.html]
[lmpixels.com/wp/leven-wp/full-width-dark/index7665.html]
[lmpixels.com/wp/leven-wp/full-width-dark/wp-json/oembed/1.0/embed5b95]
[lmpixels.com/wp/leven-wp/full-width-dark/index96f1.html]
